Ippl> CommMPI: Started job 96 on host `s03813'.
Ippl> CommMPI: Started job 1 on host `s04809'.
Ippl> CommMPI: Started job 97 on host `s03813'.
Ippl> CommMPI: Started job 16 on host `s03901'.
Ippl> CommMPI: Started job 32 on host `s04709'.
Ippl> CommMPI: Started job 2 on host `s04809'.
Ippl> CommMPI: Started job 64 on host `s05201'.
Ippl> CommMPI: Started job 98 on host `s03813'.
Ippl> CommMPI: Started job 17 on host `s03901'.
Ippl> CommMPI: Started job 33 on host `s04709'.
Ippl> CommMPI: Started job 3 on host `s04809'.
Ippl> CommMPI: Started job 65 on host `s05201'.
Ippl> CommMPI: Started job 99 on host `s03813'.
Ippl> CommMPI: Started job 18 on host `s03901'.
Ippl> CommMPI: Started job 34 on host `s04709'.
Ippl> CommMPI: Started job 4 on host `s04809'.
Ippl> CommMPI: Started job 66 on host `s05201'.
Ippl> CommMPI: Started job 100 on host `s03813'.
Ippl> CommMPI: Started job 19 on host `s03901'.
Ippl> CommMPI: Started job 35 on host `s04709'.
Ippl> CommMPI: Started job 5 on host `s04809'.
Ippl> CommMPI: Started job 67 on host `s05201'.
Ippl> CommMPI: Started job 101 on host `s03813'.
Ippl> CommMPI: Started job 20 on host `s03901'.
Ippl> CommMPI: Started job 36 on host `s04709'.
Ippl> CommMPI: Started job 6 on host `s04809'.
Ippl> CommMPI: Started job 68 on host `s05201'.
Ippl> CommMPI: Started job 102 on host `s03813'.
Ippl> CommMPI: Started job 21 on host `s03901'.
Ippl> CommMPI: Started job 37 on host `s04709'.
Ippl> CommMPI: Started job 7 on host `s04809'.
Ippl> CommMPI: Started job 69 on host `s05201'.
Ippl> CommMPI: Started job 103 on host `s03813'.
Ippl> CommMPI: Started job 22 on host `s03901'.
Ippl> CommMPI: Started job 38 on host `s04709'.
Ippl> CommMPI: Started job 8 on host `s04809'.
Ippl> CommMPI: Started job 70 on host `s05201'.
Ippl> CommMPI: Started job 104 on host `s03813'.
Ippl> CommMPI: Started job 23 on host `s03901'.
Ippl> CommMPI: Started job 112 on host `s03905'.
Ippl> CommMPI: Started job 39 on host `s04709'.
Ippl> CommMPI: Started job 9 on host `s04809'.
Ippl> CommMPI: Started job 71 on host `s05201'.
Ippl> CommMPI: Started job 105 on host `s03813'.
Ippl> CommMPI: Started job 24 on host `s03901'.
Ippl> CommMPI: Started job 113 on host `s03905'.
Ippl> CommMPI: Started job 80 on host `s03909'.
Ippl> CommMPI: Started job 40 on host `s04709'.
Ippl> CommMPI: Started job 10 on host `s04809'.
Ippl> CommMPI: Started job 72 on host `s05201'.
Ippl> CommMPI: Started job 106 on host `s03813'.
Ippl> CommMPI: Started job 25 on host `s03901'.
Ippl> CommMPI: Started job 114 on host `s03905'.
Ippl> CommMPI: Started job 81 on host `s03909'.
Ippl> CommMPI: Started job 41 on host `s04709'.
Ippl> CommMPI: Started job 11 on host `s04809'.
Ippl> CommMPI: Started job 73 on host `s05201'.
Ippl> CommMPI: Started job 107 on host `s03813'.
Ippl> CommMPI: Started job 26 on host `s03901'.
Ippl> CommMPI: Started job 115 on host `s03905'.
Ippl> CommMPI: Started job 82 on host `s03909'.
Ippl> CommMPI: Started job 42 on host `s04709'.
Ippl> CommMPI: Started job 12 on host `s04809'.
Ippl> CommMPI: Started job 74 on host `s05201'.
Ippl> CommMPI: Started job 108 on host `s03813'.
Ippl> CommMPI: Started job 27 on host `s03901'.
Ippl> CommMPI: Started job 116 on host `s03905'.
Ippl> CommMPI: Started job 83 on host `s03909'.
Ippl> CommMPI: Started job 43 on host `s04709'.
Ippl> CommMPI: Started job 13 on host `s04809'.
Ippl> CommMPI: Started job 75 on host `s05201'.
Ippl> CommMPI: Started job 109 on host `s03813'.
Ippl> CommMPI: Started job 28 on host `s03901'.
Ippl> CommMPI: Started job 117 on host `s03905'.
Ippl> CommMPI: Started job 84 on host `s03909'.
Ippl> CommMPI: Started job 48 on host `s04501'.
Ippl> CommMPI: Started job 44 on host `s04709'.
Ippl> CommMPI: Started job 14 on host `s04809'.
Ippl> CommMPI: Started job 76 on host `s05201'.
Ippl> CommMPI: Started job 110 on host `s03813'.
Ippl> CommMPI: Started job 29 on host `s03901'.
Ippl> CommMPI: Started job 118 on host `s03905'.
Ippl> CommMPI: Started job 85 on host `s03909'.
Ippl> CommMPI: Started job 49 on host `s04501'.
Ippl> CommMPI: Started job 45 on host `s04709'.
Ippl> CommMPI: Started job 15 on host `s04809'.
Ippl> CommMPI: Started job 77 on host `s05201'.
Ippl> CommMPI: Started job 111 on host `s03813'.
Ippl> CommMPI: Started job 30 on host `s03901'.
Ippl> CommMPI: Started job 119 on host `s03905'.
Ippl> CommMPI: Started job 86 on host `s03909'.
Ippl> CommMPI: Started job 50 on host `s04501'.
Ippl> CommMPI: Started job 46 on host `s04709'.
Ippl> CommMPI: Parent process waiting for children ...
Ippl> CommMPI: Child 5 ready.
Ippl> CommMPI: Child 11 ready.
Ippl> CommMPI: Child 12 ready.
Ippl> CommMPI: Child 14 ready.
Ippl> CommMPI: Child 4 ready.
Ippl> CommMPI: Child 9 ready.
Ippl> CommMPI: Child 7 ready.
Ippl> CommMPI: Child 16 ready.
Ippl> CommMPI: Child 17 ready.
Ippl> CommMPI: Child 18 ready.
Ippl> CommMPI: Child 3 ready.
Ippl> CommMPI: Child 13 ready.
Ippl> CommMPI: Child 6 ready.
Ippl> CommMPI: Child 2 ready.
Ippl> CommMPI: Child 1 ready.
Ippl> CommMPI: Started job 78 on host `s05201'.
Ippl> CommMPI: Started job 31 on host `s03901'.
Ippl> CommMPI: Started job 120 on host `s03905'.
Ippl> CommMPI: Started job 87 on host `s03909'.
Ippl> CommMPI: Started job 51 on host `s04501'.
Ippl> CommMPI: Started job 47 on host `s04709'.
Ippl> CommMPI: Child 8 ready.
Ippl> CommMPI: Child 15 ready.
Ippl> CommMPI: Child 10 ready.
Ippl> CommMPI: Child 19 ready.
Ippl> CommMPI: Started job 79 on host `s05201'.
Ippl> CommMPI: Started job 121 on host `s03905'.
Ippl> CommMPI: Started job 88 on host `s03909'.
Ippl> CommMPI: Started job 52 on host `s04501'.
Ippl> CommMPI: Child 20 ready.
Ippl> CommMPI: Child 21 ready.
Ippl> CommMPI: Child 22 ready.
Ippl> CommMPI: Started job 122 on host `s03905'.
Ippl> CommMPI: Started job 89 on host `s03909'.
Ippl> CommMPI: Started job 53 on host `s04501'.
Ippl> CommMPI: Child 23 ready.
Ippl> CommMPI: Child 24 ready.
Ippl> CommMPI: Child 25 ready.
Ippl> CommMPI: Started job 123 on host `s03905'.
Ippl> CommMPI: Started job 90 on host `s03909'.
Ippl> CommMPI: Started job 54 on host `s04501'.
Ippl> CommMPI: Child 26 ready.
Ippl> CommMPI: Child 27 ready.
Ippl> CommMPI: Child 28 ready.
Ippl> CommMPI: Child 29 ready.
Ippl> CommMPI: Started job 124 on host `s03905'.
Ippl> CommMPI: Started job 91 on host `s03909'.
Ippl> CommMPI: Started job 55 on host `s04501'.
Ippl> CommMPI: Child 30 ready.
Ippl> CommMPI: Child 31 ready.
Ippl> CommMPI: Child 32 ready.
Ippl> CommMPI: Started job 125 on host `s03905'.
Ippl> CommMPI: Started job 92 on host `s03909'.
Ippl> CommMPI: Started job 56 on host `s04501'.
Ippl> CommMPI: Child 33 ready.
Ippl> CommMPI: Child 34 ready.
Ippl> CommMPI: Child 35 ready.
Ippl> CommMPI: Child 36 ready.
Ippl> CommMPI: Started job 126 on host `s03905'.
Ippl> CommMPI: Started job 93 on host `s03909'.
Ippl> CommMPI: Started job 57 on host `s04501'.
Ippl> CommMPI: Child 37 ready.
Ippl> CommMPI: Child 38 ready.
Ippl> CommMPI: Child 39 ready.
Ippl> CommMPI: Started job 127 on host `s03905'.
Ippl> CommMPI: Started job 94 on host `s03909'.
Ippl> CommMPI: Started job 58 on host `s04501'.
Ippl> CommMPI: Child 40 ready.
Ippl> CommMPI: Child 41 ready.
Ippl> CommMPI: Child 42 ready.
Ippl> CommMPI: Child 43 ready.
Ippl> CommMPI: Started job 95 on host `s03909'.
Ippl> CommMPI: Started job 59 on host `s04501'.
Ippl> CommMPI: Child 44 ready.
Ippl> CommMPI: Child 45 ready.
Ippl> CommMPI: Child 46 ready.
Ippl> CommMPI: Child 47 ready.
Ippl> CommMPI: Started job 60 on host `s04501'.
Ippl> CommMPI: Child 48 ready.
Ippl> CommMPI: Child 49 ready.
Ippl> CommMPI: Child 50 ready.
Ippl> CommMPI: Child 51 ready.
Ippl> CommMPI: Started job 61 on host `s04501'.
Ippl> CommMPI: Child 52 ready.
Ippl> CommMPI: Child 53 ready.
Ippl> CommMPI: Child 54 ready.
Ippl> CommMPI: Started job 62 on host `s04501'.
Ippl> CommMPI: Child 55 ready.
Ippl> CommMPI: Child 56 ready.
Ippl> CommMPI: Child 57 ready.
Ippl> CommMPI: Child 58 ready.
Ippl> CommMPI: Started job 63 on host `s04501'.
Ippl> CommMPI: Child 59 ready.
Ippl> CommMPI: Child 60 ready.
Ippl> CommMPI: Child 61 ready.
Ippl> CommMPI: Child 62 ready.
Ippl> CommMPI: Child 64 ready.
Ippl> CommMPI: Child 63 ready.
Ippl> CommMPI: Child 65 ready.
Ippl> CommMPI: Child 66 ready.
Ippl> CommMPI: Child 67 ready.
Ippl> CommMPI: Child 68 ready.
Ippl> CommMPI: Child 69 ready.
Ippl> CommMPI: Child 70 ready.
Ippl> CommMPI: Child 71 ready.
Ippl> CommMPI: Child 72 ready.
Ippl> CommMPI: Child 73 ready.
Ippl> CommMPI: Child 74 ready.
Ippl> CommMPI: Child 76 ready.
Ippl> CommMPI: Child 75 ready.
Ippl> CommMPI: Child 77 ready.
Ippl> CommMPI: Child 78 ready.
Ippl> CommMPI: Child 80 ready.
Ippl> CommMPI: Child 81 ready.
Ippl> CommMPI: Child 82 ready.
Ippl> CommMPI: Child 83 ready.
Ippl> CommMPI: Child 84 ready.
Ippl> CommMPI: Child 79 ready.
Ippl> CommMPI: Child 85 ready.
Ippl> CommMPI: Child 86 ready.
Ippl> CommMPI: Child 87 ready.
Ippl> CommMPI: Child 88 ready.
Ippl> CommMPI: Child 89 ready.
Ippl> CommMPI: Child 90 ready.
Ippl> CommMPI: Child 91 ready.
Ippl> CommMPI: Child 92 ready.
Ippl> CommMPI: Child 93 ready.
Ippl> CommMPI: Child 94 ready.
Ippl> CommMPI: Child 95 ready.
Ippl> CommMPI: Child 96 ready.
Ippl> CommMPI: Child 97 ready.
Ippl> CommMPI: Child 98 ready.
Ippl> CommMPI: Child 99 ready.
Ippl> CommMPI: Child 100 ready.
Ippl> CommMPI: Child 101 ready.
Ippl> CommMPI: Child 102 ready.
Ippl> CommMPI: Child 103 ready.
Ippl> CommMPI: Child 104 ready.
Ippl> CommMPI: Child 105 ready.
Ippl> CommMPI: Child 106 ready.
Ippl> CommMPI: Child 107 ready.
Ippl> CommMPI: Child 108 ready.
Ippl> CommMPI: Child 109 ready.
Ippl> CommMPI: Child 110 ready.
Ippl> CommMPI: Child 111 ready.
Ippl> CommMPI: Child 112 ready.
Ippl> CommMPI: Child 113 ready.
Ippl> CommMPI: Child 114 ready.
Ippl> CommMPI: Child 115 ready.
Ippl> CommMPI: Child 116 ready.
Ippl> CommMPI: Child 117 ready.
Ippl> CommMPI: Child 118 ready.
Ippl> CommMPI: Child 119 ready.
Ippl> CommMPI: Child 120 ready.
Ippl> CommMPI: Child 121 ready.
Ippl> CommMPI: Child 122 ready.
Ippl> CommMPI: Child 123 ready.
Ippl> CommMPI: Child 124 ready.
Ippl> CommMPI: Child 125 ready.
Ippl> CommMPI: Child 126 ready.
Ippl> CommMPI: Child 127 ready.
Ippl> CommMPI: Initialization complete.
Configure {0}> Interploation CIC
Configure {0}> All parallel
Dimensionality: D= 3 P= 128 nx= 512 ny= 512 nz= 512
In-place CC transform using all-parallel layout ...
CC <-> CC: fabs(realDiff) = 3.49866e-07
CC <-> CC: fabs(realDiff) = 3.49866e-07
CC <-> CC: fabs(realDiff) = 3.49866e-07
CC <-> CC: fabs(realDiff) = 3.49866e-07
CC <-> CC: fabs(realDiff) = 3.49866e-07
CC <-> CC: fabs(realDiff) = 3.49866e-07
CC <-> CC: fabs(realDiff) = 3.49866e-07
CC <-> CC: fabs(realDiff) = 3.49866e-07
CC <-> CC: fabs(realDiff) = 3.49866e-07
CC <-> CC: fabs(realDiff) = 3.49866e-07
CC <-> CC: fabs(realDiff) = 3.49866e-07
CC <-> CC: fabs(realDiff) = 3.49866e-07
CC <-> CC: fabs(realDiff) = 3.49866e-07
CC <-> CC: fabs(realDiff) = 3.49866e-07
CC <-> CC: fabs(realDiff) = 3.49866e-07
CC <-> CC: fabs(realDiff) = 3.49866e-07
CC <-> CC: fabs(realDiff) = 3.49866e-07
CC <-> CC: fabs(realDiff) = 3.49866e-07
CC <-> CC: fabs(realDiff) = 3.49866e-07
CC <-> CC: fabs(realDiff) = 3.49866e-07
CC <-> CC: fabs(realDiff) = 3.49866e-07
CC <-> CC: fabs(realDiff) = 3.49866e-07
CC <-> CC: fabs(realDiff) = 3.49866e-07
CC <-> CC: fabs(realDiff) = 3.49866e-07
CC <-> CC: fabs(realDiff) = 3.49866e-07
CC <-> CC: fabs(realDiff) = 3.49866e-07
CC <-> CC: fabs(realDiff) = 3.49866e-07
CC <-> CC: fabs(realDiff) = 3.49866e-07
CC <-> CC: fabs(realDiff) = 3.49866e-07
CC <-> CC: fabs(realDiff) = 3.49866e-07
CC <-> CC: fabs(realDiff) = 3.49866e-07
CC <-> CC: fabs(realDiff) = 3.49866e-07
CC <-> CC: fabs(realDiff) = 3.49866e-07
CC <-> CC: fabs(realDiff) = 3.49866e-07
CC <-> CC: fabs(realDiff) = 3.49866e-07
CC <-> CC: fabs(realDiff) = 3.49866e-07
CC <-> CC: fabs(realDiff) = 3.49866e-07
CC <-> CC: fabs(realDiff) = 3.49866e-07
CC <-> CC: fabs(realDiff) = 3.49866e-07
CC <-> CC: fabs(realDiff) = 3.49866e-07
CC <-> CC: fabs(realDiff) = 3.49866e-07
CC <-> CC: fabs(realDiff) = 3.49866e-07
CC <-> CC: fabs(realDiff) = 3.49866e-07
CC <-> CC: fabs(realDiff) = 3.49866e-07
CC <-> CC: fabs(realDiff) = 3.49866e-07
CC <-> CC: fabs(realDiff) = 3.49866e-07
CC <-> CC: fabs(realDiff) = 3.49866e-07
CC <-> CC: fabs(realDiff) = 3.49866e-07
CC <-> CC: fabs(realDiff) = 3.49866e-07
CC <-> CC: fabs(realDiff) = 3.49866e-07
CC <-> CC: fabs(realDiff) = 3.49866e-07
CC <-> CC: fabs(realDiff) = 3.49866e-07
CC <-> CC: fabs(realDiff) = 3.49866e-07
CC <-> CC: fabs(realDiff) = 3.49866e-07
CC <-> CC: fabs(realDiff) = 3.49866e-07
CC <-> CC: fabs(realDiff) = 3.49866e-07
CC <-> CC: fabs(realDiff) = 3.49866e-07
CC <-> CC: fabs(realDiff) = 3.49866e-07
CC <-> CC: fabs(realDiff) = 3.49866e-07
CC <-> CC: fabs(realDiff) = 3.49866e-07
CC <-> CC: fabs(realDiff) = 3.49866e-07
CC <-> CC: fabs(realDiff) = 3.49866e-07
CC <-> CC: fabs(realDiff) = 3.49866e-07
CC <-> CC: fabs(realDiff) = 3.49866e-07
CC <-> CC: fabs(realDiff) = 3.49866e-07
CC <-> CC: fabs(realDiff) = 3.49866e-07
CC <-> CC: fabs(realDiff) = 3.49866e-07
CC <-> CC: fabs(realDiff) = 3.49866e-07
CC <-> CC: fabs(realDiff) = 3.49866e-07
CC <-> CC: fabs(realDiff) = 3.49866e-07
CC <-> CC: fabs(realDiff) = 3.49866e-07
CC <-> CC: fabs(realDiff) = 3.49866e-07
CC <-> CC: fabs(realDiff) = 3.49866e-07
CC <-> CC: fabs(realDiff) = 3.49866e-07
CC <-> CC: fabs(realDiff) = 3.49866e-07
CC <-> CC: fabs(realDiff) = 3.49866e-07
CC <-> CC: fabs(realDiff) = 3.49866e-07
CC <-> CC: fabs(realDiff) = 3.49866e-07
CC <-> CC: fabs(realDiff) = 3.49866e-07
CC <-> CC: fabs(realDiff) = 3.49866e-07
CC <-> CC: fabs(realDiff) = 3.49866e-07
CC <-> CC: fabs(realDiff) = 3.49866e-07
CC <-> CC: fabs(realDiff) = 3.49866e-07
CC <-> CC: fabs(realDiff) = 3.49866e-07
CC <-> CC: fabs(realDiff) = 3.49866e-07
CC <-> CC: fabs(realDiff) = 3.49866e-07
CC <-> CC: fabs(realDiff) = 3.49866e-07
CC <-> CC: fabs(realDiff) = 3.49866e-07
CC <-> CC: fabs(realDiff) = 3.49866e-07
CC <-> CC: fabs(realDiff) = 3.49866e-07
CC <-> CC: fabs(realDiff) = 3.49866e-07
CC <-> CC: fabs(realDiff) = 3.49866e-07
CC <-> CC: fabs(realDiff) = 3.49866e-07
CC <-> CC: fabs(realDiff) = 3.49866e-07
CC <-> CC: fabs(realDiff) = 3.49866e-07
CC <-> CC: fabs(realDiff) = 3.49866e-07
CC <-> CC: fabs(realDiff) = 3.49866e-07
CC <-> CC: fabs(realDiff) = 3.49866e-07
CC <-> CC: fabs(realDiff) = 3.49866e-07
CC <-> CC: fabs(realDiff) = 3.49866e-07
Results 100 times CC <-> CC: CPU time = 4842.79 secs. Dimensionality: D= 3 P= 128 nx= 512 ny= 512 nz= 512 ||d||= 3.49866e-07
 adding counter 5 event 12 Cycles
 adding counter 0 event 1 Instructions completed
 adding counter 7 event 0 TLB misses
 adding counter 2 event 9 Stores completed
 adding counter 3 event 5 Loads completed
 adding counter 4 event 5 FPU 0 instructions
 adding counter 1 event 35 FPU 1 instructions
 adding counter 6 event 9 FMAs executed


################################################################################
 hpmcount (V 2.4.2) summary (aggregate of 128 POE tasks)
 Average execution time (wall clock time)   : 0 seconds
 Average amount of time in user mode        : 0.000000 seconds
 Average amount of time in system mode      : 0.000000 seconds
 Total maximum resident set size            : 0 Kbytes
 Total shared memory use in text segment    : 0 Kbytes*sec
 Total unshared memory use in data segment  : 0 Kbytes*sec
 PM_CYC (Cycles)                            : 0
 PM_INST_CMPL (Instructions completed)      : 0
 PM_TLB_MISS (TLB misses)                   : 0        
 PM_ST_CMPL (Stores completed)              : 0
 PM_LD_CMPL (Loads completed)               : 0
 PM_FPU0_CMPL (FPU 0 instructions)          : 0
 PM_FPU1_CMPL (FPU 1 instructions)          : 0
 PM_EXEC_FMA (FMAs executed)                : 0
 Utilization rate                           : 0 %
 Avg number of loads per TLB miss           : 0
 Load and store operations                  : 0 M
 MIPS                                       : 0
 Instructions per cycle                     : 0
 HW Float points instructions per Cycle     : 0
 Total Floating point instructions + FMAs   : 0 M
 Total Float point instructions + FMA rate  : 0 Mflip/s
 Average FMA percentage                     : 0 %
 Average computation intensity              : 0 
################################################################################
